This is pdfTeX, Version 3.141592653-2.6-1.40.25 (MiKTeX 23.5) (preloaded format=pdflatex 2023.9.14)  19 MAR 2026 18:25
entering extended mode
 restricted \write18 enabled.
 %&-line parsing enabled.
**"./5 - Equalização de canais de comunicação.tex"
(5 - Equalização de canais de comunicação.tex
LaTeX2e <2023-06-01> patch level 1
L3 programming layer <2023-08-29>

(C:\Users\edson.DESKTOP-54IJM4F\AppData\Local\Programs\MiKTeX\tex/latex/beamer\
beamer.cls
Document Class: beamer 2023/05/15 v3.70 A class for typesetting presentations

(C:\Users\edson.DESKTOP-54IJM4F\AppData\Local\Programs\MiKTeX\tex/latex/beamer\
beamerbasemodes.sty
(C:\Users\edson.DESKTOP-54IJM4F\AppData\Local\Programs\MiKTeX\tex/latex/etoolbo
x\etoolbox.sty
Package: etoolbox 2020/10/05 v2.5k e-TeX tools for LaTeX (JAW)
\etb@tempcnta=\count185
)
\beamer@tempbox=\box51
\beamer@tempcount=\count186
\c@beamerpauses=\count187

(C:\Users\edson.DESKTOP-54IJM4F\AppData\Local\Programs\MiKTeX\tex/latex/beamer\
beamerbasedecode.sty
\beamer@slideinframe=\count188
\beamer@minimum=\count189
\beamer@decode@box=\box52
)
\beamer@commentbox=\box53
\beamer@modecount=\count190
)
(C:\Users\edson.DESKTOP-54IJM4F\AppData\Local\Programs\MiKTeX\tex/generic/iftex
\iftex.sty
Package: iftex 2022/02/03 v1.0f TeX engine tests
)
\headdp=\dimen140
\footheight=\dimen141
\sidebarheight=\dimen142
\beamer@tempdim=\dimen143
\beamer@finalheight=\dimen144
\beamer@animht=\dimen145
\beamer@animdp=\dimen146
\beamer@animwd=\dimen147
\beamer@leftmargin=\dimen148
\beamer@rightmargin=\dimen149
\beamer@leftsidebar=\dimen150
\beamer@rightsidebar=\dimen151
\beamer@boxsize=\dimen152
\beamer@vboxoffset=\dimen153
\beamer@descdefault=\dimen154
\beamer@descriptionwidth=\dimen155
\beamer@lastskip=\skip48
\beamer@areabox=\box54
\beamer@animcurrent=\box55
\beamer@animshowbox=\box56
\beamer@sectionbox=\box57
\beamer@logobox=\box58
\beamer@linebox=\box59
\beamer@sectioncount=\count191
\beamer@subsubsectionmax=\count192
\beamer@subsectionmax=\count193
\beamer@sectionmax=\count194
\beamer@totalheads=\count195
\beamer@headcounter=\count196
\beamer@partstartpage=\count197
\beamer@sectionstartpage=\count198
\beamer@subsectionstartpage=\count199
\beamer@animationtempa=\count266
\beamer@animationtempb=\count267
\beamer@xpos=\count268
\beamer@ypos=\count269
\beamer@ypos@offset=\count270
\beamer@showpartnumber=\count271
\beamer@currentsubsection=\count272
\beamer@coveringdepth=\count273
\beamer@sectionadjust=\count274
\beamer@toclastsection=\count275
\beamer@tocsectionnumber=\count276

(C:\Users\edson.DESKTOP-54IJM4F\AppData\Local\Programs\MiKTeX\tex/latex/beamer\
beamerbaseoptions.sty
(C:\Users\edson.DESKTOP-54IJM4F\AppData\Local\Programs\MiKTeX\tex/latex/graphic
s\keyval.sty
Package: keyval 2022/05/29 v1.15 key=value parser (DPC)
\KV@toks@=\toks17
))
\beamer@paperwidth=\skip49
\beamer@paperheight=\skip50

(C:\Users\edson.DESKTOP-54IJM4F\AppData\Local\Programs\MiKTeX\tex/latex/geometr
y\geometry.sty
Package: geometry 2020/01/02 v5.9 Page Geometry

(C:\Users\edson.DESKTOP-54IJM4F\AppData\Local\Programs\MiKTeX\tex/generic/iftex
\ifvtex.sty
Package: ifvtex 2019/10/25 v1.7 ifvtex legacy package. Use iftex instead.
)
\Gm@cnth=\count277
\Gm@cntv=\count278
\c@Gm@tempcnt=\count279
\Gm@bindingoffset=\dimen156
\Gm@wd@mp=\dimen157
\Gm@odd@mp=\dimen158
\Gm@even@mp=\dimen159
\Gm@layoutwidth=\dimen160
\Gm@layoutheight=\dimen161
\Gm@layouthoffset=\dimen162
\Gm@layoutvoffset=\dimen163
\Gm@dimlist=\toks18

(C:\Users\edson.DESKTOP-54IJM4F\AppData\Local\Programs\MiKTeX\tex/latex/geometr
y\geometry.cfg))
(C:\Users\edson.DESKTOP-54IJM4F\AppData\Local\Programs\MiKTeX\tex/latex/pgf/mat
h\pgfmath.sty
(C:\Users\edson.DESKTOP-54IJM4F\AppData\Local\Programs\MiKTeX\tex/latex/pgf/uti
lities\pgfrcs.sty
(C:\Users\edson.DESKTOP-54IJM4F\AppData\Local\Programs\MiKTeX\tex/generic/pgf/u
tilities\pgfutil-common.tex
\pgfutil@everybye=\toks19
\pgfutil@tempdima=\dimen164
\pgfutil@tempdimb=\dimen165
)
(C:\Users\edson.DESKTOP-54IJM4F\AppData\Local\Programs\MiKTeX\tex/generic/pgf/u
tilities\pgfutil-latex.def
\pgfutil@abb=\box60
)
(C:\Users\edson.DESKTOP-54IJM4F\AppData\Local\Programs\MiKTeX\tex/generic/pgf/u
tilities\pgfrcs.code.tex
(C:\Users\edson.DESKTOP-54IJM4F\AppData\Local\Programs\MiKTeX\tex/generic/pgf\p
gf.revision.tex)
Package: pgfrcs 2023-01-15 v3.1.10 (3.1.10)
))
(C:\Users\edson.DESKTOP-54IJM4F\AppData\Local\Programs\MiKTeX\tex/latex/pgf/uti
lities\pgfkeys.sty
(C:\Users\edson.DESKTOP-54IJM4F\AppData\Local\Programs\MiKTeX\tex/generic/pgf/u
tilities\pgfkeys.code.tex
\pgfkeys@pathtoks=\toks20
\pgfkeys@temptoks=\toks21

(C:\Users\edson.DESKTOP-54IJM4F\AppData\Local\Programs\MiKTeX\tex/generic/pgf/u
tilities\pgfkeyslibraryfiltered.code.tex
\pgfkeys@tmptoks=\toks22
)))
(C:\Users\edson.DESKTOP-54IJM4F\AppData\Local\Programs\MiKTeX\tex/generic/pgf/m
ath\pgfmath.code.tex
(C:\Users\edson.DESKTOP-54IJM4F\AppData\Local\Programs\MiKTeX\tex/generic/pgf/m
ath\pgfmathutil.code.tex
\pgf@x=\dimen166
\pgf@xa=\dimen167
\pgf@xb=\dimen168
\pgf@xc=\dimen169
\pgf@y=\dimen170
\pgf@ya=\dimen171
\pgf@yb=\dimen172
\pgf@yc=\dimen173
\c@pgf@counta=\count280
\c@pgf@countb=\count281
\c@pgf@countc=\count282
\c@pgf@countd=\count283
)
(C:\Users\edson.DESKTOP-54IJM4F\AppData\Local\Programs\MiKTeX\tex/generic/pgf/m
ath\pgfmathparser.code.tex
\pgfmath@dimen=\dimen174
\pgfmath@count=\count284
\pgfmath@box=\box61
\pgfmath@toks=\toks23
\pgfmath@stack@operand=\toks24
\pgfmath@stack@operation=\toks25
)
(C:\Users\edson.DESKTOP-54IJM4F\AppData\Local\Programs\MiKTeX\tex/generic/pgf/m
ath\pgfmathfunctions.code.tex)
(C:\Users\edson.DESKTOP-54IJM4F\AppData\Local\Programs\MiKTeX\tex/generic/pgf/m
ath\pgfmathfunctions.basic.code.tex)
(C:\Users\edson.DESKTOP-54IJM4F\AppData\Local\Programs\MiKTeX\tex/generic/pgf/m
ath\pgfmathfunctions.trigonometric.code.tex)
(C:\Users\edson.DESKTOP-54IJM4F\AppData\Local\Programs\MiKTeX\tex/generic/pgf/m
ath\pgfmathfunctions.random.code.tex)
(C:\Users\edson.DESKTOP-54IJM4F\AppData\Local\Programs\MiKTeX\tex/generic/pgf/m
ath\pgfmathfunctions.comparison.code.tex)
(C:\Users\edson.DESKTOP-54IJM4F\AppData\Local\Programs\MiKTeX\tex/generic/pgf/m
ath\pgfmathfunctions.base.code.tex)
(C:\Users\edson.DESKTOP-54IJM4F\AppData\Local\Programs\MiKTeX\tex/generic/pgf/m
ath\pgfmathfunctions.round.code.tex)
(C:\Users\edson.DESKTOP-54IJM4F\AppData\Local\Programs\MiKTeX\tex/generic/pgf/m
ath\pgfmathfunctions.misc.code.tex)
(C:\Users\edson.DESKTOP-54IJM4F\AppData\Local\Programs\MiKTeX\tex/generic/pgf/m
ath\pgfmathfunctions.integerarithmetics.code.tex)
(C:\Users\edson.DESKTOP-54IJM4F\AppData\Local\Programs\MiKTeX\tex/generic/pgf/m
ath\pgfmathcalc.code.tex)
(C:\Users\edson.DESKTOP-54IJM4F\AppData\Local\Programs\MiKTeX\tex/generic/pgf/m
ath\pgfmathfloat.code.tex
\c@pgfmathroundto@lastzeros=\count285
)))
(C:\Users\edson.DESKTOP-54IJM4F\AppData\Local\Programs\MiKTeX\tex/latex/base\si
ze11.clo
File: size11.clo 2023/05/17 v1.4n Standard LaTeX file (size option)
)
(C:\Users\edson.DESKTOP-54IJM4F\AppData\Local\Programs\MiKTeX\tex/latex/pgf/bas
iclayer\pgfcore.sty
(C:\Users\edson.DESKTOP-54IJM4F\AppData\Local\Programs\MiKTeX\tex/latex/graphic
s\graphicx.sty
Package: graphicx 2021/09/16 v1.2d Enhanced LaTeX Graphics (DPC,SPQR)

(C:\Users\edson.DESKTOP-54IJM4F\AppData\Local\Programs\MiKTeX\tex/latex/graphic
s\graphics.sty
Package: graphics 2022/03/10 v1.4e Standard LaTeX Graphics (DPC,SPQR)

(C:\Users\edson.DESKTOP-54IJM4F\AppData\Local\Programs\MiKTeX\tex/latex/graphic
s\trig.sty
Package: trig 2021/08/11 v1.11 sin cos tan (DPC)
)
(C:\Users\edson.DESKTOP-54IJM4F\AppData\Local\Programs\MiKTeX\tex/latex/graphic
s-cfg\graphics.cfg
File: graphics.cfg 2016/06/04 v1.11 sample graphics configuration
)
Package graphics Info: Driver file: pdftex.def on input line 107.

(C:\Users\edson.DESKTOP-54IJM4F\AppData\Local\Programs\MiKTeX\tex/latex/graphic
s-def\pdftex.def
File: pdftex.def 2022/09/22 v1.2b Graphics/color driver for pdftex
))
\Gin@req@height=\dimen175
\Gin@req@width=\dimen176
)
(C:\Users\edson.DESKTOP-54IJM4F\AppData\Local\Programs\MiKTeX\tex/latex/pgf/sys
temlayer\pgfsys.sty
(C:\Users\edson.DESKTOP-54IJM4F\AppData\Local\Programs\MiKTeX\tex/generic/pgf/s
ystemlayer\pgfsys.code.tex
Package: pgfsys 2023-01-15 v3.1.10 (3.1.10)
\pgf@x=\dimen177
\pgf@y=\dimen178
\pgf@xa=\dimen179
\pgf@ya=\dimen180
\pgf@xb=\dimen181
\pgf@yb=\dimen182
\pgf@xc=\dimen183
\pgf@yc=\dimen184
\pgf@xd=\dimen185
\pgf@yd=\dimen186
\w@pgf@writea=\write3
\r@pgf@reada=\read2
\c@pgf@counta=\count286
\c@pgf@countb=\count287
\c@pgf@countc=\count288
\c@pgf@countd=\count289
\t@pgf@toka=\toks26
\t@pgf@tokb=\toks27
\t@pgf@tokc=\toks28
\pgf@sys@id@count=\count290

(C:\Users\edson.DESKTOP-54IJM4F\AppData\Local\Programs\MiKTeX\tex/generic/pgf/s
ystemlayer\pgf.cfg
File: pgf.cfg 2023-01-15 v3.1.10 (3.1.10)
)
Driver file for pgf: pgfsys-pdftex.def

(C:\Users\edson.DESKTOP-54IJM4F\AppData\Local\Programs\MiKTeX\tex/generic/pgf/s
ystemlayer\pgfsys-pdftex.def
File: pgfsys-pdftex.def 2023-01-15 v3.1.10 (3.1.10)

(C:\Users\edson.DESKTOP-54IJM4F\AppData\Local\Programs\MiKTeX\tex/generic/pgf/s
ystemlayer\pgfsys-common-pdf.def
File: pgfsys-common-pdf.def 2023-01-15 v3.1.10 (3.1.10)
)))
(C:\Users\edson.DESKTOP-54IJM4F\AppData\Local\Programs\MiKTeX\tex/generic/pgf/s
ystemlayer\pgfsyssoftpath.code.tex
File: pgfsyssoftpath.code.tex 2023-01-15 v3.1.10 (3.1.10)
\pgfsyssoftpath@smallbuffer@items=\count291
\pgfsyssoftpath@bigbuffer@items=\count292
)
(C:\Users\edson.DESKTOP-54IJM4F\AppData\Local\Programs\MiKTeX\tex/generic/pgf/s
ystemlayer\pgfsysprotocol.code.tex
File: pgfsysprotocol.code.tex 2023-01-15 v3.1.10 (3.1.10)
))
(C:\Users\edson.DESKTOP-54IJM4F\AppData\Local\Programs\MiKTeX\tex/latex/xcolor\
xcolor.sty
Package: xcolor 2022/06/12 v2.14 LaTeX color extensions (UK)

(C:\Users\edson.DESKTOP-54IJM4F\AppData\Local\Programs\MiKTeX\tex/latex/graphic
s-cfg\color.cfg
File: color.cfg 2016/01/02 v1.6 sample color configuration
)
Package xcolor Info: Driver file: pdftex.def on input line 227.

(C:\Users\edson.DESKTOP-54IJM4F\AppData\Local\Programs\MiKTeX\tex/latex/graphic
s\mathcolor.ltx)
Package xcolor Info: Model `cmy' substituted by `cmy0' on input line 1353.
Package xcolor Info: Model `hsb' substituted by `rgb' on input line 1357.
Package xcolor Info: Model `RGB' extended on input line 1369.
Package xcolor Info: Model `HTML' substituted by `rgb' on input line 1371.
Package xcolor Info: Model `Hsb' substituted by `hsb' on input line 1372.
Package xcolor Info: Model `tHsb' substituted by `hsb' on input line 1373.
Package xcolor Info: Model `HSB' substituted by `hsb' on input line 1374.
Package xcolor Info: Model `Gray' substituted by `gray' on input line 1375.
Package xcolor Info: Model `wave' substituted by `hsb' on input line 1376.
)
(C:\Users\edson.DESKTOP-54IJM4F\AppData\Local\Programs\MiKTeX\tex/generic/pgf/b
asiclayer\pgfcore.code.tex
Package: pgfcore 2023-01-15 v3.1.10 (3.1.10)

(C:\Users\edson.DESKTOP-54IJM4F\AppData\Local\Programs\MiKTeX\tex/generic/pgf/m
ath\pgfint.code.tex)
(C:\Users\edson.DESKTOP-54IJM4F\AppData\Local\Programs\MiKTeX\tex/generic/pgf/b
asiclayer\pgfcorepoints.code.tex
File: pgfcorepoints.code.tex 2023-01-15 v3.1.10 (3.1.10)
\pgf@picminx=\dimen187
\pgf@picmaxx=\dimen188
\pgf@picminy=\dimen189
\pgf@picmaxy=\dimen190
\pgf@pathminx=\dimen191
\pgf@pathmaxx=\dimen192
\pgf@pathminy=\dimen193
\pgf@pathmaxy=\dimen194
\pgf@xx=\dimen195
\pgf@xy=\dimen196
\pgf@yx=\dimen197
\pgf@yy=\dimen198
\pgf@zx=\dimen199
\pgf@zy=\dimen256
)
(C:\Users\edson.DESKTOP-54IJM4F\AppData\Local\Programs\MiKTeX\tex/generic/pgf/b
asiclayer\pgfcorepathconstruct.code.tex
File: pgfcorepathconstruct.code.tex 2023-01-15 v3.1.10 (3.1.10)
\pgf@path@lastx=\dimen257
\pgf@path@lasty=\dimen258
)
(C:\Users\edson.DESKTOP-54IJM4F\AppData\Local\Programs\MiKTeX\tex/generic/pgf/b
asiclayer\pgfcorepathusage.code.tex
File: pgfcorepathusage.code.tex 2023-01-15 v3.1.10 (3.1.10)
\pgf@shorten@end@additional=\dimen259
\pgf@shorten@start@additional=\dimen260
)
(C:\Users\edson.DESKTOP-54IJM4F\AppData\Local\Programs\MiKTeX\tex/generic/pgf/b
asiclayer\pgfcorescopes.code.tex
File: pgfcorescopes.code.tex 2023-01-15 v3.1.10 (3.1.10)
\pgfpic=\box62
\pgf@hbox=\box63
\pgf@layerbox@main=\box64
\pgf@picture@serial@count=\count293
)
(C:\Users\edson.DESKTOP-54IJM4F\AppData\Local\Programs\MiKTeX\tex/generic/pgf/b
asiclayer\pgfcoregraphicstate.code.tex
File: pgfcoregraphicstate.code.tex 2023-01-15 v3.1.10 (3.1.10)
\pgflinewidth=\dimen261
)
(C:\Users\edson.DESKTOP-54IJM4F\AppData\Local\Programs\MiKTeX\tex/generic/pgf/b
asiclayer\pgfcoretransformations.code.tex
File: pgfcoretransformations.code.tex 2023-01-15 v3.1.10 (3.1.10)
\pgf@pt@x=\dimen262
\pgf@pt@y=\dimen263
\pgf@pt@temp=\dimen264
)
(C:\Users\edson.DESKTOP-54IJM4F\AppData\Local\Programs\MiKTeX\tex/generic/pgf/b
asiclayer\pgfcorequick.code.tex
File: pgfcorequick.code.tex 2023-01-15 v3.1.10 (3.1.10)
)
(C:\Users\edson.DESKTOP-54IJM4F\AppData\Local\Programs\MiKTeX\tex/generic/pgf/b
asiclayer\pgfcoreobjects.code.tex
File: pgfcoreobjects.code.tex 2023-01-15 v3.1.10 (3.1.10)
)
(C:\Users\edson.DESKTOP-54IJM4F\AppData\Local\Programs\MiKTeX\tex/generic/pgf/b
asiclayer\pgfcorepathprocessing.code.tex
File: pgfcorepathprocessing.code.tex 2023-01-15 v3.1.10 (3.1.10)
)
(C:\Users\edson.DESKTOP-54IJM4F\AppData\Local\Programs\MiKTeX\tex/generic/pgf/b
asiclayer\pgfcorearrows.code.tex
File: pgfcorearrows.code.tex 2023-01-15 v3.1.10 (3.1.10)
\pgfarrowsep=\dimen265
)
(C:\Users\edson.DESKTOP-54IJM4F\AppData\Local\Programs\MiKTeX\tex/generic/pgf/b
asiclayer\pgfcoreshade.code.tex
File: pgfcoreshade.code.tex 2023-01-15 v3.1.10 (3.1.10)
\pgf@max=\dimen266
\pgf@sys@shading@range@num=\count294
\pgf@shadingcount=\count295
)
(C:\Users\edson.DESKTOP-54IJM4F\AppData\Local\Programs\MiKTeX\tex/generic/pgf/b
asiclayer\pgfcoreimage.code.tex
File: pgfcoreimage.code.tex 2023-01-15 v3.1.10 (3.1.10)
)
(C:\Users\edson.DESKTOP-54IJM4F\AppData\Local\Programs\MiKTeX\tex/generic/pgf/b
asiclayer\pgfcoreexternal.code.tex
File: pgfcoreexternal.code.tex 2023-01-15 v3.1.10 (3.1.10)
\pgfexternal@startupbox=\box65
)
(C:\Users\edson.DESKTOP-54IJM4F\AppData\Local\Programs\MiKTeX\tex/generic/pgf/b
asiclayer\pgfcorelayers.code.tex
File: pgfcorelayers.code.tex 2023-01-15 v3.1.10 (3.1.10)
)
(C:\Users\edson.DESKTOP-54IJM4F\AppData\Local\Programs\MiKTeX\tex/generic/pgf/b
asiclayer\pgfcoretransparency.code.tex
File: pgfcoretransparency.code.tex 2023-01-15 v3.1.10 (3.1.10)
)
(C:\Users\edson.DESKTOP-54IJM4F\AppData\Local\Programs\MiKTeX\tex/generic/pgf/b
asiclayer\pgfcorepatterns.code.tex
File: pgfcorepatterns.code.tex 2023-01-15 v3.1.10 (3.1.10)
)
(C:\Users\edson.DESKTOP-54IJM4F\AppData\Local\Programs\MiKTeX\tex/generic/pgf/b
asiclayer\pgfcorerdf.code.tex
File: pgfcorerdf.code.tex 2023-01-15 v3.1.10 (3.1.10)
)))
(C:\Users\edson.DESKTOP-54IJM4F\AppData\Local\Programs\MiKTeX\tex/latex/pgf/uti
lities\xxcolor.sty
Package: xxcolor 2003/10/24 ver 0.1
\XC@nummixins=\count296
\XC@countmixins=\count297
)
(C:\Users\edson.DESKTOP-54IJM4F\AppData\Local\Programs\MiKTeX\tex/latex/base\at
begshi-ltx.sty
Package: atbegshi-ltx 2021/01/10 v1.0c Emulation of the original atbegshi
package with kernel methods
)
(C:\Users\edson.DESKTOP-54IJM4F\AppData\Local\Programs\MiKTeX\tex/latex/hyperre
f\hyperref.sty
Package: hyperref 2023-07-08 v7.01b Hypertext links for LaTeX

(C:\Users\edson.DESKTOP-54IJM4F\AppData\Local\Programs\MiKTeX\tex/generic/ltxcm
ds\ltxcmds.sty
Package: ltxcmds 2020-05-10 v1.25 LaTeX kernel commands for general use (HO)
)
(C:\Users\edson.DESKTOP-54IJM4F\AppData\Local\Programs\MiKTeX\tex/generic/pdfte
xcmds\pdftexcmds.sty
Package: pdftexcmds 2020-06-27 v0.33 Utility functions of pdfTeX for LuaTeX (HO
)

(C:\Users\edson.DESKTOP-54IJM4F\AppData\Local\Programs\MiKTeX\tex/generic/infwa
rerr\infwarerr.sty
Package: infwarerr 2019/12/03 v1.5 Providing info/warning/error messages (HO)
)
Package pdftexcmds Info: \pdf@primitive is available.
Package pdftexcmds Info: \pdf@ifprimitive is available.
Package pdftexcmds Info: \pdfdraftmode found.
)
(C:\Users\edson.DESKTOP-54IJM4F\AppData\Local\Programs\MiKTeX\tex/latex/kvsetke
ys\kvsetkeys.sty
Package: kvsetkeys 2022-10-05 v1.19 Key value parser (HO)
)
(C:\Users\edson.DESKTOP-54IJM4F\AppData\Local\Programs\MiKTeX\tex/generic/kvdef
inekeys\kvdefinekeys.sty
Package: kvdefinekeys 2019-12-19 v1.6 Define keys (HO)
)
(C:\Users\edson.DESKTOP-54IJM4F\AppData\Local\Programs\MiKTeX\tex/generic/pdfes
cape\pdfescape.sty
Package: pdfescape 2019/12/09 v1.15 Implements pdfTeX's escape features (HO)
)
(C:\Users\edson.DESKTOP-54IJM4F\AppData\Local\Programs\MiKTeX\tex/latex/hycolor
\hycolor.sty
Package: hycolor 2020-01-27 v1.10 Color options for hyperref/bookmark (HO)
)
(C:\Users\edson.DESKTOP-54IJM4F\AppData\Local\Programs\MiKTeX\tex/latex/letltxm
acro\letltxmacro.sty
Package: letltxmacro 2019/12/03 v1.6 Let assignment for LaTeX macros (HO)
)
(C:\Users\edson.DESKTOP-54IJM4F\AppData\Local\Programs\MiKTeX\tex/latex/auxhook
\auxhook.sty
Package: auxhook 2019-12-17 v1.6 Hooks for auxiliary files (HO)
)
(C:\Users\edson.DESKTOP-54IJM4F\AppData\Local\Programs\MiKTeX\tex/latex/hyperre
f\nameref.sty
Package: nameref 2023-08-07 v2.53 Cross-referencing by name of section

(C:\Users\edson.DESKTOP-54IJM4F\AppData\Local\Programs\MiKTeX\tex/latex/refcoun
t\refcount.sty
Package: refcount 2019/12/15 v3.6 Data extraction from label references (HO)
)
(C:\Users\edson.DESKTOP-54IJM4F\AppData\Local\Programs\MiKTeX\tex/generic/getti
tlestring\gettitlestring.sty
Package: gettitlestring 2019/12/15 v1.6 Cleanup title references (HO)

(C:\Users\edson.DESKTOP-54IJM4F\AppData\Local\Programs\MiKTeX\tex/latex/kvoptio
ns\kvoptions.sty
Package: kvoptions 2022-06-15 v3.15 Key value format for package options (HO)
))
\c@section@level=\count298
)
\@linkdim=\dimen267
\Hy@linkcounter=\count299
\Hy@pagecounter=\count300

(C:\Users\edson.DESKTOP-54IJM4F\AppData\Local\Programs\MiKTeX\tex/latex/hyperre
f\pd1enc.def
File: pd1enc.def 2023-07-08 v7.01b Hyperref: PDFDocEncoding definition (HO)
Now handling font encoding PD1 ...
... no UTF-8 mapping file for font encoding PD1
)
(C:\Users\edson.DESKTOP-54IJM4F\AppData\Local\Programs\MiKTeX\tex/generic/intca
lc\intcalc.sty
Package: intcalc 2019/12/15 v1.3 Expandable calculations with integers (HO)
)
\Hy@SavedSpaceFactor=\count301

(C:\Users\edson.DESKTOP-54IJM4F\AppData\Local\Programs\MiKTeX\tex/latex/hyperre
f\puenc.def
File: puenc.def 2023-07-08 v7.01b Hyperref: PDF Unicode definition (HO)
Now handling font encoding PU ...
... no UTF-8 mapping file for font encoding PU
)
Package hyperref Info: Option `unicode' set `true' on input line 4050.
Package hyperref Info: Option `bookmarks' set `true' on input line 4050.
Package hyperref Info: Option `bookmarksopen' set `true' on input line 4050.
Package hyperref Info: Option `implicit' set `false' on input line 4050.
Package hyperref Info: Hyper figures OFF on input line 4167.
Package hyperref Info: Link nesting OFF on input line 4172.
Package hyperref Info: Hyper index ON on input line 4175.
Package hyperref Info: Plain pages OFF on input line 4182.
Package hyperref Info: Backreferencing OFF on input line 4187.
Package hyperref Info: Implicit mode OFF; no redefinition of LaTeX internals.
Package hyperref Info: Bookmarks ON on input line 4434.
\c@Hy@tempcnt=\count302

(C:\Users\edson.DESKTOP-54IJM4F\AppData\Local\Programs\MiKTeX\tex/latex/url\url
.sty
\Urlmuskip=\muskip16
Package: url 2013/09/16  ver 3.4  Verb mode for urls, etc.
)
LaTeX Info: Redefining \url on input line 4772.
\XeTeXLinkMargin=\dimen268

(C:\Users\edson.DESKTOP-54IJM4F\AppData\Local\Programs\MiKTeX\tex/generic/bitse
t\bitset.sty
Package: bitset 2019/12/09 v1.3 Handle bit-vector datatype (HO)

(C:\Users\edson.DESKTOP-54IJM4F\AppData\Local\Programs\MiKTeX\tex/generic/bigin
tcalc\bigintcalc.sty
Package: bigintcalc 2019/12/15 v1.5 Expandable calculations on big integers (HO
)
))
\Fld@menulength=\count303
\Field@Width=\dimen269
\Fld@charsize=\dimen270
Package hyperref Info: Hyper figures OFF on input line 6051.
Package hyperref Info: Link nesting OFF on input line 6056.
Package hyperref Info: Hyper index ON on input line 6059.
Package hyperref Info: backreferencing OFF on input line 6066.
Package hyperref Info: Link coloring OFF on input line 6071.
Package hyperref Info: Link coloring with OCG OFF on input line 6076.
Package hyperref Info: PDF/A mode OFF on input line 6081.
\Hy@abspage=\count304


Package hyperref Message: Stopped early.

)
Package hyperref Info: Driver (autodetected): hpdftex.

(C:\Users\edson.DESKTOP-54IJM4F\AppData\Local\Programs\MiKTeX\tex/latex/hyperre
f\hpdftex.def
File: hpdftex.def 2023-07-08 v7.01b Hyperref driver for pdfTeX

(C:\Users\edson.DESKTOP-54IJM4F\AppData\Local\Programs\MiKTeX\tex/latex/base\at
veryend-ltx.sty
Package: atveryend-ltx 2020/08/19 v1.0a Emulation of the original atveryend pac
kage
with kernel methods
)
\Fld@listcount=\count305
\c@bookmark@seq@number=\count306

(C:\Users\edson.DESKTOP-54IJM4F\AppData\Local\Programs\MiKTeX\tex/latex/rerunfi
lecheck\rerunfilecheck.sty
Package: rerunfilecheck 2022-07-10 v1.10 Rerun checks for auxiliary files (HO)

(C:\Users\edson.DESKTOP-54IJM4F\AppData\Local\Programs\MiKTeX\tex/generic/uniqu
ecounter\uniquecounter.sty
Package: uniquecounter 2019/12/15 v1.4 Provide unlimited unique counter (HO)
)
Package uniquecounter Info: New unique counter `rerunfilecheck' on input line 2
85.
))
(C:\Users\edson.DESKTOP-54IJM4F\AppData\Local\Programs\MiKTeX\tex/latex/beamer\
beamerbaserequires.sty
(C:\Users\edson.DESKTOP-54IJM4F\AppData\Local\Programs\MiKTeX\tex/latex/beamer\
beamerbasecompatibility.sty)
(C:\Users\edson.DESKTOP-54IJM4F\AppData\Local\Programs\MiKTeX\tex/latex/beamer\
beamerbasefont.sty
(C:\Users\edson.DESKTOP-54IJM4F\AppData\Local\Programs\MiKTeX\tex/latex/amsfont
s\amssymb.sty
Package: amssymb 2013/01/14 v3.01 AMS font symbols

(C:\Users\edson.DESKTOP-54IJM4F\AppData\Local\Programs\MiKTeX\tex/latex/amsfont
s\amsfonts.sty
Package: amsfonts 2013/01/14 v3.01 Basic AMSFonts support
\@emptytoks=\toks29
\symAMSa=\mathgroup4
\symAMSb=\mathgroup5
LaTeX Font Info:    Redeclaring math symbol \hbar on input line 98.
LaTeX Font Info:    Overwriting math alphabet `\mathfrak' in version `bold'
(Font)                  U/euf/m/n --> U/euf/b/n on input line 106.
))
(C:\Users\edson.DESKTOP-54IJM4F\AppData\Local\Programs\MiKTeX\tex/latex/sansmat
haccent\sansmathaccent.sty
Package: sansmathaccent 2020/01/31

(C:\Users\edson.DESKTOP-54IJM4F\AppData\Local\Programs\MiKTeX\tex/latex/koma-sc
ript\scrlfile.sty
Package: scrlfile 2023/07/07 v3.41 KOMA-Script package (file load hooks)

(C:\Users\edson.DESKTOP-54IJM4F\AppData\Local\Programs\MiKTeX\tex/latex/koma-sc
ript\scrlfile-hook.sty
Package: scrlfile-hook 2023/07/07 v3.41 KOMA-Script package (using LaTeX hooks)


(C:\Users\edson.DESKTOP-54IJM4F\AppData\Local\Programs\MiKTeX\tex/latex/koma-sc
ript\scrlogo.sty
Package: scrlogo 2023/07/07 v3.41 KOMA-Script package (logo)
)))))
(C:\Users\edson.DESKTOP-54IJM4F\AppData\Local\Programs\MiKTeX\tex/latex/beamer\
beamerbasetranslator.sty
(C:\Users\edson.DESKTOP-54IJM4F\AppData\Local\Programs\MiKTeX\tex/latex/transla
tor\translator.sty
Package: translator 2021-05-31 v1.12d Easy translation of strings in LaTeX
))
(C:\Users\edson.DESKTOP-54IJM4F\AppData\Local\Programs\MiKTeX\tex/latex/beamer\
beamerbasemisc.sty)
(C:\Users\edson.DESKTOP-54IJM4F\AppData\Local\Programs\MiKTeX\tex/latex/beamer\
beamerbasetwoscreens.sty)
(C:\Users\edson.DESKTOP-54IJM4F\AppData\Local\Programs\MiKTeX\tex/latex/beamer\
beamerbaseoverlay.sty
\beamer@argscount=\count307
\beamer@lastskipcover=\skip51
\beamer@trivlistdepth=\count308
)
(C:\Users\edson.DESKTOP-54IJM4F\AppData\Local\Programs\MiKTeX\tex/latex/beamer\
beamerbasetitle.sty)
(C:\Users\edson.DESKTOP-54IJM4F\AppData\Local\Programs\MiKTeX\tex/latex/beamer\
beamerbasesection.sty
\c@lecture=\count309
\c@part=\count310
\c@section=\count311
\c@subsection=\count312
\c@subsubsection=\count313
)
(C:\Users\edson.DESKTOP-54IJM4F\AppData\Local\Programs\MiKTeX\tex/latex/beamer\
beamerbaseframe.sty
\beamer@framebox=\box66
\beamer@frametitlebox=\box67
\beamer@zoombox=\box68
\beamer@zoomcount=\count314
\beamer@zoomframecount=\count315
\beamer@frametextheight=\dimen271
\c@subsectionslide=\count316
\beamer@frametopskip=\skip52
\beamer@framebottomskip=\skip53
\beamer@frametopskipautobreak=\skip54
\beamer@framebottomskipautobreak=\skip55
\beamer@envbody=\toks30
\framewidth=\dimen272
\c@framenumber=\count317
)
(C:\Users\edson.DESKTOP-54IJM4F\AppData\Local\Programs\MiKTeX\tex/latex/beamer\
beamerbaseverbatim.sty
\beamer@verbatimfileout=\write4
)
(C:\Users\edson.DESKTOP-54IJM4F\AppData\Local\Programs\MiKTeX\tex/latex/beamer\
beamerbaseframesize.sty
\beamer@splitbox=\box69
\beamer@autobreakcount=\count318
\beamer@autobreaklastheight=\dimen273
\beamer@frametitletoks=\toks31
\beamer@framesubtitletoks=\toks32
)
(C:\Users\edson.DESKTOP-54IJM4F\AppData\Local\Programs\MiKTeX\tex/latex/beamer\
beamerbaseframecomponents.sty
\beamer@footins=\box70
)
(C:\Users\edson.DESKTOP-54IJM4F\AppData\Local\Programs\MiKTeX\tex/latex/beamer\
beamerbasecolor.sty)
(C:\Users\edson.DESKTOP-54IJM4F\AppData\Local\Programs\MiKTeX\tex/latex/beamer\
beamerbasenotes.sty
\beamer@frameboxcopy=\box71
)
(C:\Users\edson.DESKTOP-54IJM4F\AppData\Local\Programs\MiKTeX\tex/latex/beamer\
beamerbasetoc.sty)
(C:\Users\edson.DESKTOP-54IJM4F\AppData\Local\Programs\MiKTeX\tex/latex/beamer\
beamerbasetemplates.sty
\beamer@sbttoks=\toks33

(C:\Users\edson.DESKTOP-54IJM4F\AppData\Local\Programs\MiKTeX\tex/latex/beamer\
beamerbaseauxtemplates.sty
(C:\Users\edson.DESKTOP-54IJM4F\AppData\Local\Programs\MiKTeX\tex/latex/beamer\
beamerbaseboxes.sty
\bmb@box=\box72
\bmb@colorbox=\box73
\bmb@boxwidth=\dimen274
\bmb@boxheight=\dimen275
\bmb@prevheight=\dimen276
\bmb@temp=\dimen277
\bmb@dima=\dimen278
\bmb@dimb=\dimen279
\bmb@prevheight=\dimen280
)
\beamer@blockheadheight=\dimen281
))
(C:\Users\edson.DESKTOP-54IJM4F\AppData\Local\Programs\MiKTeX\tex/latex/beamer\
beamerbaselocalstructure.sty
(C:\Users\edson.DESKTOP-54IJM4F\AppData\Local\Programs\MiKTeX\tex/latex/tools\e
numerate.sty
Package: enumerate 2015/07/23 v3.00 enumerate extensions (DPC)
\@enLab=\toks34
)
\beamer@bibiconwidth=\skip56
\c@figure=\count319
\c@table=\count320
\abovecaptionskip=\skip57
\belowcaptionskip=\skip58
)
(C:\Users\edson.DESKTOP-54IJM4F\AppData\Local\Programs\MiKTeX\tex/latex/beamer\
beamerbasenavigation.sty
(C:\Users\edson.DESKTOP-54IJM4F\AppData\Local\Programs\MiKTeX\tex/latex/beamer\
beamerbasenavigationsymbols.tex)
\beamer@section@min@dim=\dimen282
)
(C:\Users\edson.DESKTOP-54IJM4F\AppData\Local\Programs\MiKTeX\tex/latex/beamer\
beamerbasetheorems.sty
(C:\Users\edson.DESKTOP-54IJM4F\AppData\Local\Programs\MiKTeX\tex/latex/amsmath
\amsmath.sty
Package: amsmath 2023/05/13 v2.17o AMS math features
\@mathmargin=\skip59

For additional information on amsmath, use the `?' option.

(C:\Users\edson.DESKTOP-54IJM4F\AppData\Local\Programs\MiKTeX\tex/latex/amsmath
\amstext.sty
Package: amstext 2021/08/26 v2.01 AMS text

(C:\Users\edson.DESKTOP-54IJM4F\AppData\Local\Programs\MiKTeX\tex/latex/amsmath
\amsgen.sty
File: amsgen.sty 1999/11/30 v2.0 generic functions
\@emptytoks=\toks35
\ex@=\dimen283
))
(C:\Users\edson.DESKTOP-54IJM4F\AppData\Local\Programs\MiKTeX\tex/latex/amsmath
\amsbsy.sty
Package: amsbsy 1999/11/29 v1.2d Bold Symbols
\pmbraise@=\dimen284
)
(C:\Users\edson.DESKTOP-54IJM4F\AppData\Local\Programs\MiKTeX\tex/latex/amsmath
\amsopn.sty
Package: amsopn 2022/04/08 v2.04 operator names
)
\inf@bad=\count321
LaTeX Info: Redefining \frac on input line 234.
\uproot@=\count322
\leftroot@=\count323
LaTeX Info: Redefining \overline on input line 399.
LaTeX Info: Redefining \colon on input line 410.
\classnum@=\count324
\DOTSCASE@=\count325
LaTeX Info: Redefining \ldots on input line 496.
LaTeX Info: Redefining \dots on input line 499.
LaTeX Info: Redefining \cdots on input line 620.
\Mathstrutbox@=\box74
\strutbox@=\box75
LaTeX Info: Redefining \big on input line 722.
LaTeX Info: Redefining \Big on input line 723.
LaTeX Info: Redefining \bigg on input line 724.
LaTeX Info: Redefining \Bigg on input line 725.
\big@size=\dimen285
LaTeX Font Info:    Redeclaring font encoding OML on input line 743.
LaTeX Font Info:    Redeclaring font encoding OMS on input line 744.
\macc@depth=\count326
LaTeX Info: Redefining \bmod on input line 905.
LaTeX Info: Redefining \pmod on input line 910.
LaTeX Info: Redefining \smash on input line 940.
LaTeX Info: Redefining \relbar on input line 970.
LaTeX Info: Redefining \Relbar on input line 971.
\c@MaxMatrixCols=\count327
\dotsspace@=\muskip17
\c@parentequation=\count328
\dspbrk@lvl=\count329
\tag@help=\toks36
\row@=\count330
\column@=\count331
\maxfields@=\count332
\andhelp@=\toks37
\eqnshift@=\dimen286
\alignsep@=\dimen287
\tagshift@=\dimen288
\tagwidth@=\dimen289
\totwidth@=\dimen290
\lineht@=\dimen291
\@envbody=\toks38
\multlinegap=\skip60
\multlinetaggap=\skip61
\mathdisplay@stack=\toks39
LaTeX Info: Redefining \[ on input line 2953.
LaTeX Info: Redefining \] on input line 2954.
)
(C:\Users\edson.DESKTOP-54IJM4F\AppData\Local\Programs\MiKTeX\tex/latex/amscls\
amsthm.sty
Package: amsthm 2020/05/29 v2.20.6
\thm@style=\toks40
\thm@bodyfont=\toks41
\thm@headfont=\toks42
\thm@notefont=\toks43
\thm@headpunct=\toks44
\thm@preskip=\skip62
\thm@postskip=\skip63
\thm@headsep=\skip64
\dth@everypar=\toks45
)
\c@theorem=\count333
)
(C:\Users\edson.DESKTOP-54IJM4F\AppData\Local\Programs\MiKTeX\tex/latex/beamer\
beamerbasethemes.sty))
(C:\Users\edson.DESKTOP-54IJM4F\AppData\Local\Programs\MiKTeX\tex/latex/beamer\
beamerthemedefault.sty
(C:\Users\edson.DESKTOP-54IJM4F\AppData\Local\Programs\MiKTeX\tex/latex/beamer\
beamerfontthemedefault.sty)
(C:\Users\edson.DESKTOP-54IJM4F\AppData\Local\Programs\MiKTeX\tex/latex/beamer\
beamercolorthemedefault.sty)
(C:\Users\edson.DESKTOP-54IJM4F\AppData\Local\Programs\MiKTeX\tex/latex/beamer\
beamerinnerthemedefault.sty
\beamer@dima=\dimen292
\beamer@dimb=\dimen293
)
(C:\Users\edson.DESKTOP-54IJM4F\AppData\Local\Programs\MiKTeX\tex/latex/beamer\
beamerouterthemedefault.sty)))
(C:\Users\edson.DESKTOP-54IJM4F\AppData\Local\Programs\MiKTeX\tex/latex/pgf/uti
lities\pgfpages.sty
Package: pgfpages 2011/01/05 ver 0.02

(C:\Users\edson.DESKTOP-54IJM4F\AppData\Local\Programs\MiKTeX\tex/latex/tools\c
alc.sty
Package: calc 2017/05/25 v4.3 Infix arithmetic (KKT,FJ)
\calc@Acount=\count334
\calc@Bcount=\count335
\calc@Adimen=\dimen294
\calc@Bdimen=\dimen295
\calc@Askip=\skip65
\calc@Bskip=\skip66
LaTeX Info: Redefining \setlength on input line 80.
LaTeX Info: Redefining \addtolength on input line 81.
\calc@Ccount=\count336
\calc@Cskip=\skip67
)
\pgf@logicalpages=\count337
\pgf@firstshipout=\count338
\pgf@lastshipout=\count339
\pgf@currentshipout=\count340
\pgf@cpn=\count341
\pgf@shipoutnextto=\count342
\pgfphysicalheight=\dimen296
\pgfphysicalwidth=\dimen297
\pgfpages@shipoutbox=\box76
)
(C:\Users\edson.DESKTOP-54IJM4F\AppData\Local\Programs\MiKTeX\tex/latex/base\fo
ntenc.sty
Package: fontenc 2021/04/29 v2.0v Standard LaTeX package
)
(C:\Users\edson.DESKTOP-54IJM4F\AppData\Local\Programs\MiKTeX\tex/latex/base\in
putenc.sty
Package: inputenc 2021/02/14 v1.3d Input encoding file
\inpenc@prehook=\toks46
\inpenc@posthook=\toks47
)
(C:\Users\edson.DESKTOP-54IJM4F\AppData\Local\Programs\MiKTeX\tex/latex/base\te
xtcomp.sty
Package: textcomp 2020/02/02 v2.0n Standard LaTeX package
)
(C:\Users\edson.DESKTOP-54IJM4F\AppData\Local\Programs\MiKTeX\tex/latex/lm\lmod
ern.sty
Package: lmodern 2015/05/01 v1.6.1 Latin Modern Fonts
LaTeX Font Info:    Overwriting symbol font `operators' in version `normal'
(Font)                  OT1/cmr/m/n --> OT1/lmr/m/n on input line 22.
LaTeX Font Info:    Overwriting symbol font `letters' in version `normal'
(Font)                  OML/cmm/m/it --> OML/lmm/m/it on input line 23.
LaTeX Font Info:    Overwriting symbol font `symbols' in version `normal'
(Font)                  OMS/cmsy/m/n --> OMS/lmsy/m/n on input line 24.
LaTeX Font Info:    Overwriting symbol font `largesymbols' in version `normal'
(Font)                  OMX/cmex/m/n --> OMX/lmex/m/n on input line 25.
LaTeX Font Info:    Overwriting symbol font `operators' in version `bold'
(Font)                  OT1/cmr/bx/n --> OT1/lmr/bx/n on input line 26.
LaTeX Font Info:    Overwriting symbol font `letters' in version `bold'
(Font)                  OML/cmm/b/it --> OML/lmm/b/it on input line 27.
LaTeX Font Info:    Overwriting symbol font `symbols' in version `bold'
(Font)                  OMS/cmsy/b/n --> OMS/lmsy/b/n on input line 28.
LaTeX Font Info:    Overwriting symbol font `largesymbols' in version `bold'
(Font)                  OMX/cmex/m/n --> OMX/lmex/m/n on input line 29.
LaTeX Font Info:    Overwriting math alphabet `\mathbf' in version `normal'
(Font)                  OT1/cmr/bx/n --> OT1/lmr/bx/n on input line 31.
LaTeX Font Info:    Overwriting math alphabet `\mathsf' in version `normal'
(Font)                  OT1/cmss/m/n --> OT1/lmss/m/n on input line 32.
LaTeX Font Info:    Overwriting math alphabet `\mathit' in version `normal'
(Font)                  OT1/cmr/m/it --> OT1/lmr/m/it on input line 33.
LaTeX Font Info:    Overwriting math alphabet `\mathtt' in version `normal'
(Font)                  OT1/cmtt/m/n --> OT1/lmtt/m/n on input line 34.
LaTeX Font Info:    Overwriting math alphabet `\mathbf' in version `bold'
(Font)                  OT1/cmr/bx/n --> OT1/lmr/bx/n on input line 35.
LaTeX Font Info:    Overwriting math alphabet `\mathsf' in version `bold'
(Font)                  OT1/cmss/bx/n --> OT1/lmss/bx/n on input line 36.
LaTeX Font Info:    Overwriting math alphabet `\mathit' in version `bold'
(Font)                  OT1/cmr/bx/it --> OT1/lmr/bx/it on input line 37.
LaTeX Font Info:    Overwriting math alphabet `\mathtt' in version `bold'
(Font)                  OT1/cmtt/m/n --> OT1/lmtt/m/n on input line 38.
)
(C:\Users\edson.DESKTOP-54IJM4F\AppData\Local\Programs\MiKTeX\tex/latex/beamer\
beamerthemeMadrid.sty
(C:\Users\edson.DESKTOP-54IJM4F\AppData\Local\Programs\MiKTeX\tex/latex/beamer\
beamercolorthemewhale.sty)
(C:\Users\edson.DESKTOP-54IJM4F\AppData\Local\Programs\MiKTeX\tex/latex/beamer\
beamercolorthemeorchid.sty)
(C:\Users\edson.DESKTOP-54IJM4F\AppData\Local\Programs\MiKTeX\tex/latex/beamer\
beamerinnerthemerounded.sty)
(C:\Users\edson.DESKTOP-54IJM4F\AppData\Local\Programs\MiKTeX\tex/latex/beamer\
beamerouterthemeinfolines.sty))
(C:\Users\edson.DESKTOP-54IJM4F\AppData\Local\Programs\MiKTeX\tex/latex/upquote
\upquote.sty
Package: upquote 2012/04/19 v1.3 upright-quote and grave-accent glyphs in verba
tim
)
(C:\Users\edson.DESKTOP-54IJM4F\AppData\Local\Programs\MiKTeX\tex/latex/microty
pe\microtype.sty
Package: microtype 2023/03/13 v3.1a Micro-typographical refinements (RS)
\MT@toks=\toks48
\MT@tempbox=\box77
\MT@count=\count343
LaTeX Info: Redefining \noprotrusionifhmode on input line 1059.
LaTeX Info: Redefining \leftprotrusion on input line 1060.
\MT@prot@toks=\toks49
LaTeX Info: Redefining \rightprotrusion on input line 1078.
LaTeX Info: Redefining \textls on input line 1368.
\MT@outer@kern=\dimen298
LaTeX Info: Redefining \textmicrotypecontext on input line 1988.
\MT@listname@count=\count344

(C:\Users\edson.DESKTOP-54IJM4F\AppData\Local\Programs\MiKTeX\tex/latex/microty
pe\microtype-pdftex.def
File: microtype-pdftex.def 2023/03/13 v3.1a Definitions specific to pdftex (RS)

LaTeX Info: Redefining \lsstyle on input line 902.
LaTeX Info: Redefining \lslig on input line 902.
\MT@outer@space=\skip68
)
Package microtype Info: Loading configuration file microtype.cfg.

(C:\Users\edson.DESKTOP-54IJM4F\AppData\Local\Programs\MiKTeX\tex/latex/microty
pe\microtype.cfg
File: microtype.cfg 2023/03/13 v3.1a microtype main configuration file (RS)
))
(C:\Users\edson.DESKTOP-54IJM4F\AppData\Local\Programs\MiKTeX\tex/latex/parskip
\parskip.sty
Package: parskip 2021-03-14 v2.0h non-zero parskip adjustments
)
(C:\Users\edson.DESKTOP-54IJM4F\AppData\Local\Programs\MiKTeX\tex/latex/bookmar
k\bookmark.sty
Package: bookmark 2020-11-06 v1.29 PDF bookmarks (HO)

(C:\Users\edson.DESKTOP-54IJM4F\AppData\Local\Programs\MiKTeX\tex/latex/bookmar
k\bkm-pdftex.def
File: bkm-pdftex.def 2020-11-06 v1.29 bookmark driver for pdfTeX (HO)
\BKM@id=\count345
))
(C:\Users\edson.DESKTOP-54IJM4F\AppData\Local\Programs\MiKTeX\tex/latex/xurl\xu
rl.sty
Package: xurl 2022/01/09 v 0.10 modify URL breaks
)
LaTeX Font Info:    Trying to load font information for T1+lmss on input line 1
13.

(C:\Users\edson.DESKTOP-54IJM4F\AppData\Local\Programs\MiKTeX\tex/latex/lm\t1lm
ss.fd
File: t1lmss.fd 2015/05/01 v1.6.1 Font defs for Latin Modern
)
(C:\Users\edson.DESKTOP-54IJM4F\AppData\Local\Programs\MiKTeX\tex/latex/l3backe
nd\l3backend-pdftex.def
File: l3backend-pdftex.def 2023-04-19 L3 backend support: PDF output (pdfTeX)
\l__color_backend_stack_int=\count346
\l__pdf_internal_box=\box78
) (5 - Equalização de canais de comunicação.aux)
\openout1 = `"5 - Equalização de canais de comunicação.aux"'.

LaTeX Font Info:    Checking defaults for OML/cmm/m/it on input line 113.
LaTeX Font Info:    ... okay on input line 113.
LaTeX Font Info:    Checking defaults for OMS/cmsy/m/n on input line 113.
LaTeX Font Info:    ... okay on input line 113.
LaTeX Font Info:    Checking defaults for OT1/cmr/m/n on input line 113.
LaTeX Font Info:    ... okay on input line 113.
LaTeX Font Info:    Checking defaults for T1/cmr/m/n on input line 113.
LaTeX Font Info:    ... okay on input line 113.
LaTeX Font Info:    Checking defaults for TS1/cmr/m/n on input line 113.
LaTeX Font Info:    ... okay on input line 113.
LaTeX Font Info:    Checking defaults for OMX/cmex/m/n on input line 113.
LaTeX Font Info:    ... okay on input line 113.
LaTeX Font Info:    Checking defaults for U/cmr/m/n on input line 113.
LaTeX Font Info:    ... okay on input line 113.
LaTeX Font Info:    Checking defaults for PD1/pdf/m/n on input line 113.
LaTeX Font Info:    ... okay on input line 113.
LaTeX Font Info:    Checking defaults for PU/pdf/m/n on input line 113.
LaTeX Font Info:    ... okay on input line 113.

*geometry* driver: auto-detecting
*geometry* detected driver: pdftex
*geometry* verbose mode - [ preamble ] result:
* driver: pdftex
* paper: custom
* layout: <same size as paper>
* layoutoffset:(h,v)=(0.0pt,0.0pt)
* modes: includehead includefoot 
* h-part:(L,W,R)=(10.88002pt, 342.43532pt, 10.88002pt)
* v-part:(T,H,B)=(0.0pt, 273.14662pt, 0.0pt)
* \paperwidth=364.19536pt
* \paperheight=273.14662pt
* \textwidth=342.43532pt
* \textheight=244.6939pt
* \oddsidemargin=-61.38997pt
* \evensidemargin=-61.38997pt
* \topmargin=-72.26999pt
* \headheight=14.22636pt
* \headsep=0.0pt
* \topskip=11.0pt
* \footskip=14.22636pt
* \marginparwidth=4.0pt
* \marginparsep=10.0pt
* \columnsep=10.0pt
* \skip\footins=10.0pt plus 4.0pt minus 2.0pt
* \hoffset=0.0pt
* \voffset=0.0pt
* \mag=1000
* \@twocolumnfalse
* \@twosidefalse
* \@mparswitchfalse
* \@reversemarginfalse
* (1in=72.27pt=25.4mm, 1cm=28.453pt)


(C:\Users\edson.DESKTOP-54IJM4F\AppData\Local\Programs\MiKTeX\tex/context/base/
mkii\supp-pdf.mkii
[Loading MPS to PDF converter (version 2006.09.02).]
\scratchcounter=\count347
\scratchdimen=\dimen299
\scratchbox=\box79
\nofMPsegments=\count348
\nofMParguments=\count349
\everyMPshowfont=\toks50
\MPscratchCnt=\count350
\MPscratchDim=\dimen300
\MPnumerator=\count351
\makeMPintoPDFobject=\count352
\everyMPtoPDFconversion=\toks51
)
(C:\Users\edson.DESKTOP-54IJM4F\AppData\Local\Programs\MiKTeX\tex/latex/epstopd
f-pkg\epstopdf-base.sty
Package: epstopdf-base 2020-01-24 v2.11 Base part for package epstopdf
Package epstopdf-base Info: Redefining graphics rule for `.eps' on input line 4
85.

(C:\Users\edson.DESKTOP-54IJM4F\AppData\Local\Programs\MiKTeX\tex/latex/00mikte
x\epstopdf-sys.cfg
File: epstopdf-sys.cfg 2021/03/18 v2.0 Configuration of epstopdf for MiKTeX
))
Package hyperref Info: Link coloring OFF on input line 113.
LaTeX Font Info:    Overwriting symbol font `operators' in version `normal'
(Font)                  OT1/lmr/m/n --> OT1/cmss/m/n on input line 113.
LaTeX Font Info:    Overwriting symbol font `operators' in version `bold'
(Font)                  OT1/lmr/bx/n --> OT1/cmss/b/n on input line 113.
LaTeX Font Info:    Overwriting symbol font `operators' in version `normal'
(Font)                  OT1/cmss/m/n --> OT1/lmss/m/n on input line 113.
LaTeX Font Info:    Overwriting symbol font `operators' in version `bold'
(Font)                  OT1/cmss/b/n --> OT1/lmss/b/n on input line 113.
\symnumbers=\mathgroup6
\sympureletters=\mathgroup7
LaTeX Font Info:    Overwriting math alphabet `\mathrm' in version `normal'
(Font)                  OT1/lmss/m/n --> T1/lmr/m/n on input line 113.
LaTeX Font Info:    Redeclaring math alphabet \mathbf on input line 113.
LaTeX Font Info:    Overwriting math alphabet `\mathbf' in version `normal'
(Font)                  OT1/lmr/bx/n --> T1/lmss/b/n on input line 113.
LaTeX Font Info:    Overwriting math alphabet `\mathbf' in version `bold'
(Font)                  OT1/lmr/bx/n --> T1/lmss/b/n on input line 113.
LaTeX Font Info:    Redeclaring math alphabet \mathsf on input line 113.
LaTeX Font Info:    Overwriting math alphabet `\mathsf' in version `normal'
(Font)                  OT1/lmss/m/n --> T1/lmss/m/n on input line 113.
LaTeX Font Info:    Overwriting math alphabet `\mathsf' in version `bold'
(Font)                  OT1/lmss/bx/n --> T1/lmss/m/n on input line 113.
LaTeX Font Info:    Redeclaring math alphabet \mathit on input line 113.
LaTeX Font Info:    Overwriting math alphabet `\mathit' in version `normal'
(Font)                  OT1/lmr/m/it --> T1/lmss/m/it on input line 113.
LaTeX Font Info:    Overwriting math alphabet `\mathit' in version `bold'
(Font)                  OT1/lmr/bx/it --> T1/lmss/m/it on input line 113.
LaTeX Font Info:    Redeclaring math alphabet \mathtt on input line 113.
LaTeX Font Info:    Overwriting math alphabet `\mathtt' in version `normal'
(Font)                  OT1/lmtt/m/n --> T1/lmtt/m/n on input line 113.
LaTeX Font Info:    Overwriting math alphabet `\mathtt' in version `bold'
(Font)                  OT1/lmtt/m/n --> T1/lmtt/m/n on input line 113.
LaTeX Font Info:    Overwriting symbol font `numbers' in version `bold'
(Font)                  T1/lmss/m/n --> T1/lmss/b/n on input line 113.
LaTeX Font Info:    Overwriting symbol font `pureletters' in version `bold'
(Font)                  T1/lmss/m/it --> T1/lmss/b/it on input line 113.
LaTeX Font Info:    Overwriting math alphabet `\mathrm' in version `bold'
(Font)                  OT1/lmss/b/n --> T1/lmr/b/n on input line 113.
LaTeX Font Info:    Overwriting math alphabet `\mathbf' in version `bold'
(Font)                  T1/lmss/b/n --> T1/lmss/b/n on input line 113.
LaTeX Font Info:    Overwriting math alphabet `\mathsf' in version `bold'
(Font)                  T1/lmss/m/n --> T1/lmss/b/n on input line 113.
LaTeX Font Info:    Overwriting math alphabet `\mathit' in version `bold'
(Font)                  T1/lmss/m/it --> T1/lmss/b/it on input line 113.
LaTeX Font Info:    Overwriting math alphabet `\mathtt' in version `bold'
(Font)                  T1/lmtt/m/n --> T1/lmtt/b/n on input line 113.

(C:\Users\edson.DESKTOP-54IJM4F\AppData\Local\Programs\MiKTeX\tex/latex/transla
tor\translator-basic-dictionary-English.dict
Dictionary: translator-basic-dictionary, Language: English 
)
(C:\Users\edson.DESKTOP-54IJM4F\AppData\Local\Programs\MiKTeX\tex/latex/transla
tor\translator-bibliography-dictionary-English.dict
Dictionary: translator-bibliography-dictionary, Language: English 
)
(C:\Users\edson.DESKTOP-54IJM4F\AppData\Local\Programs\MiKTeX\tex/latex/transla
tor\translator-environment-dictionary-English.dict
Dictionary: translator-environment-dictionary, Language: English 
)
(C:\Users\edson.DESKTOP-54IJM4F\AppData\Local\Programs\MiKTeX\tex/latex/transla
tor\translator-months-dictionary-English.dict
Dictionary: translator-months-dictionary, Language: English 
)
(C:\Users\edson.DESKTOP-54IJM4F\AppData\Local\Programs\MiKTeX\tex/latex/transla
tor\translator-numbers-dictionary-English.dict
Dictionary: translator-numbers-dictionary, Language: English 
)
(C:\Users\edson.DESKTOP-54IJM4F\AppData\Local\Programs\MiKTeX\tex/latex/transla
tor\translator-theorem-dictionary-English.dict
Dictionary: translator-theorem-dictionary, Language: English 
)
LaTeX Info: Redefining \microtypecontext on input line 113.
Package microtype Info: Applying patch `item' on input line 113.
Package microtype Info: Applying patch `toc' on input line 113.
Package microtype Info: Applying patch `eqnum' on input line 113.
Package microtype Info: Applying patch `footnote' on input line 113.
Package microtype Info: Applying patch `verbatim' on input line 113.
Package microtype Info: Generating PDF output.
Package microtype Info: Character protrusion enabled (level 2).
Package microtype Info: Using protrusion set `basicmath'.
Package microtype Info: Automatic font expansion enabled (level 2),
(microtype)             stretch: 20, shrink: 20, step: 1, non-selected.
Package microtype Info: Using default expansion set `alltext-nott'.
LaTeX Info: Redefining \showhyphens on input line 113.
Package microtype Info: No adjustment of tracking.
Package microtype Info: No adjustment of interword spacing.
Package microtype Info: No adjustment of character kerning.
Package microtype Info: Loading generic protrusion settings for font family
(microtype)             `lmss' (encoding: T1).
(microtype)             For optimal results, create family-specific settings.
(microtype)             See the microtype manual for details.

(5 - Equalização de canais de comunicação.nav) [1

{C:/Users/edson.DESKTOP-54IJM4F/AppData/Local/MiKTeX/fonts/map/pdftex/pdftex.ma
p}{C:/Users/edson.DESKTOP-54IJM4F/AppData/Local/Programs/MiKTeX/fonts/enc/dvips
/lm/lm-ec.enc}] [2

]
[3

]
<figuras/Fig1.png, id=77, 6524.375pt x 2509.375pt>
File: figuras/Fig1.png Graphic file (type png)
<use figuras/Fig1.png>
Package pdftex.def Info: figuras/Fig1.png  used on input line 126.
(pdftex.def)             Requested size: 342.36559pt x 131.67906pt.
 [4

 <./figuras/Fig1.png (PNG copy)>]
LaTeX Font Info:    Trying to load font information for OT1+lmss on input line 
149.

(C:\Users\edson.DESKTOP-54IJM4F\AppData\Local\Programs\MiKTeX\tex/latex/lm\ot1l
mss.fd
File: ot1lmss.fd 2015/05/01 v1.6.1 Font defs for Latin Modern
)
Package microtype Info: Loading generic protrusion settings for font family
(microtype)             `lmss' (encoding: OT1).
(microtype)             For optimal results, create family-specific settings.
(microtype)             See the microtype manual for details.
LaTeX Font Info:    Trying to load font information for OML+lmm on input line 1
49.

(C:\Users\edson.DESKTOP-54IJM4F\AppData\Local\Programs\MiKTeX\tex/latex/lm\omll
mm.fd
File: omllmm.fd 2015/05/01 v1.6.1 Font defs for Latin Modern
)
LaTeX Font Info:    Trying to load font information for OMS+lmsy on input line 
149.

(C:\Users\edson.DESKTOP-54IJM4F\AppData\Local\Programs\MiKTeX\tex/latex/lm\omsl
msy.fd
File: omslmsy.fd 2015/05/01 v1.6.1 Font defs for Latin Modern
)
LaTeX Font Info:    Trying to load font information for OMX+lmex on input line 
149.

(C:\Users\edson.DESKTOP-54IJM4F\AppData\Local\Programs\MiKTeX\tex/latex/lm\omxl
mex.fd
File: omxlmex.fd 2015/05/01 v1.6.1 Font defs for Latin Modern
)
LaTeX Font Info:    External font `lmex10' loaded for size
(Font)              <10.95> on input line 149.
LaTeX Font Info:    External font `lmex10' loaded for size
(Font)              <8> on input line 149.
LaTeX Font Info:    External font `lmex10' loaded for size
(Font)              <6> on input line 149.
LaTeX Font Info:    Trying to load font information for U+msa on input line 149
.

(C:\Users\edson.DESKTOP-54IJM4F\AppData\Local\Programs\MiKTeX\tex/latex/amsfont
s\umsa.fd
File: umsa.fd 2013/01/14 v3.01 AMS symbols A
)
(C:\Users\edson.DESKTOP-54IJM4F\AppData\Local\Programs\MiKTeX\tex/latex/microty
pe\mt-msa.cfg
File: mt-msa.cfg 2006/02/04 v1.1 microtype config. file: AMS symbols (a) (RS)
)
LaTeX Font Info:    Trying to load font information for U+msb on input line 149
.

(C:\Users\edson.DESKTOP-54IJM4F\AppData\Local\Programs\MiKTeX\tex/latex/amsfont
s\umsb.fd
File: umsb.fd 2013/01/14 v3.01 AMS symbols B
)
(C:\Users\edson.DESKTOP-54IJM4F\AppData\Local\Programs\MiKTeX\tex/latex/microty
pe\mt-msb.cfg
File: mt-msb.cfg 2005/06/01 v1.0 microtype config. file: AMS symbols (b) (RS)
)
LaTeX Font Info:    Font shape `T1/lmss/m/it' in size <10.95> not available
(Font)              Font shape `T1/lmss/m/sl' tried instead on input line 149.
LaTeX Font Info:    Font shape `T1/lmss/m/it' in size <8> not available
(Font)              Font shape `T1/lmss/m/sl' tried instead on input line 149.
LaTeX Font Info:    Font shape `T1/lmss/m/it' in size <6> not available
(Font)              Font shape `T1/lmss/m/sl' tried instead on input line 149.
 [5

{C:/Users/edson.DESKTOP-54IJM4F/AppData/Local/Programs/MiKTeX/fonts/enc/dvips/l
m/lm-rm.enc}{C:/Users/edson.DESKTOP-54IJM4F/AppData/Local/Programs/MiKTeX/fonts
/enc/dvips/lm/lm-mathex.enc}{C:/Users/edson.DESKTOP-54IJM4F/AppData/Local/Progr
ams/MiKTeX/fonts/enc/dvips/lm/lm-mathsy.enc}{C:/Users/edson.DESKTOP-54IJM4F/App
Data/Local/Programs/MiKTeX/fonts/enc/dvips/lm/lm-mathit.enc}]
<figuras/Fig14.png, id=102, 4866.18pt x 1469.49pt>
File: figuras/Fig14.png Graphic file (type png)
<use figuras/Fig14.png>
Package pdftex.def Info: figuras/Fig14.png  used on input line 163.
(pdftex.def)             Requested size: 342.3752pt x 103.39052pt.

[6

 <./figuras/Fig14.png>] [7

] [8

]
LaTeX Font Info:    Font shape `T1/lmss/m/it' in size <14.4> not available
(Font)              Font shape `T1/lmss/m/sl' tried instead on input line 213.
 [9

] [10

]
Overfull \vbox (0.69365pt too high) detected at line 261
 []

[11

] [12

]
<figuras/nb4_out_0.png, id=162, 401.8212pt x 156.8259pt>
File: figuras/nb4_out_0.png Graphic file (type png)
<use figuras/nb4_out_0.png>
Package pdftex.def Info: figuras/nb4_out_0.png  used on input line 279.
(pdftex.def)             Requested size: 342.43866pt x 133.64961pt.
 [13

 <./figuras/nb4_out_0.png>]
<figuras/nb4_out_1.png, id=173, 404.712pt x 156.8259pt>
File: figuras/nb4_out_1.png Graphic file (type png)
<use figuras/nb4_out_1.png>
Package pdftex.def Info: figuras/nb4_out_1.png  used on input line 283.
(pdftex.def)             Requested size: 342.45062pt x 132.6996pt.
 [14

 <./figuras/nb4_out_1.png>]
<figuras/nb4_out_2.png, id=182, 393.8715pt x 172.7253pt>
File: figuras/nb4_out_2.png Graphic file (type png)
<use figuras/nb4_out_2.png>
Package pdftex.def Info: figuras/nb4_out_2.png  used on input line 289.
(pdftex.def)             Requested size: 342.45508pt x 150.17754pt.
<figuras/nb4_out_3.png, id=183, 393.8715pt x 172.7253pt>
File: figuras/nb4_out_3.png Graphic file (type png)
<use figuras/nb4_out_3.png>
Package pdftex.def Info: figuras/nb4_out_3.png  used on input line 289.
(pdftex.def)             Requested size: 342.45508pt x 150.17754pt.

Overfull \vbox (48.67493pt too high) detected at line 289
 []

[15

 <./figuras/nb4_out_2.png> <./figuras/nb4_out_3.png>]
<figuras/nb4_out_4.png, id=193, 393.8715pt x 172.7253pt>
File: figuras/nb4_out_4.png Graphic file (type png)
<use figuras/nb4_out_4.png>
Package pdftex.def Info: figuras/nb4_out_4.png  used on input line 295.
(pdftex.def)             Requested size: 342.45508pt x 150.17754pt.
<figuras/nb4_out_5.png, id=194, 393.8715pt x 172.7253pt>
File: figuras/nb4_out_5.png Graphic file (type png)
<use figuras/nb4_out_5.png>
Package pdftex.def Info: figuras/nb4_out_5.png  used on input line 295.
(pdftex.def)             Requested size: 342.45508pt x 150.17754pt.

Overfull \vbox (48.67493pt too high) detected at line 295
 []

[16

 <./figuras/nb4_out_4.png> <./figuras/nb4_out_5.png>]
<figuras/nb4_out_6.png, id=204, 393.8715pt x 173.448pt>
File: figuras/nb4_out_6.png Graphic file (type png)
<use figuras/nb4_out_6.png>
Package pdftex.def Info: figuras/nb4_out_6.png  used on input line 301.
(pdftex.def)             Requested size: 342.45508pt x 150.80591pt.
<figuras/nb4_out_7.png, id=205, 393.8715pt x 173.448pt>
File: figuras/nb4_out_7.png Graphic file (type png)
<use figuras/nb4_out_7.png>
Package pdftex.def Info: figuras/nb4_out_7.png  used on input line 301.
(pdftex.def)             Requested size: 342.45508pt x 150.80591pt.

Overfull \vbox (49.93167pt too high) detected at line 301
 []

[17

 <./figuras/nb4_out_6.png> <./figuras/nb4_out_7.png>]
<figuras/nb4_out_8.png, id=215, 401.8212pt x 216.0873pt>
File: figuras/nb4_out_8.png Graphic file (type png)
<use figuras/nb4_out_8.png>
Package pdftex.def Info: figuras/nb4_out_8.png  used on input line 307.
(pdftex.def)             Requested size: 342.43866pt x 184.15315pt.
<figuras/nb4_out_9.png, id=216, 161.1621pt x 156.8259pt>
File: figuras/nb4_out_9.png Graphic file (type png)
<use figuras/nb4_out_9.png>
Package pdftex.def Info: figuras/nb4_out_9.png  used on input line 307.
(pdftex.def)             Requested size: 161.16661pt x 156.83028pt.

Overfull \vbox (89.30328pt too high) detected at line 307
 []

[18

 <./figuras/nb4_out_8.png> <./figuras/nb4_out_9.png>]
<figuras/nb4_out_10.png, id=226, 161.1621pt x 156.8259pt>
File: figuras/nb4_out_10.png Graphic file (type png)
<use figuras/nb4_out_10.png>
Package pdftex.def Info: figuras/nb4_out_10.png  used on input line 313.
(pdftex.def)             Requested size: 161.16661pt x 156.83028pt.
<figuras/nb4_out_11.png, id=227, 161.1621pt x 156.8259pt>
File: figuras/nb4_out_11.png Graphic file (type png)
<use figuras/nb4_out_11.png>
Package pdftex.def Info: figuras/nb4_out_11.png  used on input line 313.
(pdftex.def)             Requested size: 161.16661pt x 156.83028pt.

Overfull \vbox (61.98041pt too high) detected at line 313
 []

[19

 <./figuras/nb4_out_10.png> <./figuras/nb4_out_11.png>]
LaTeX Font Info:    Trying to load font information for T1+lmr on input line 33
3.

(C:\Users\edson.DESKTOP-54IJM4F\AppData\Local\Programs\MiKTeX\tex/latex/lm\t1lm
r.fd
File: t1lmr.fd 2015/05/01 v1.6.1 Font defs for Latin Modern
)
(C:\Users\edson.DESKTOP-54IJM4F\AppData\Local\Programs\MiKTeX\tex/latex/microty
pe\mt-cmr.cfg
File: mt-cmr.cfg 2013/05/19 v2.2 microtype config. file: Computer Modern Roman 
(RS)
)
LaTeX Font Info:    Font shape `T1/lmss/bx/it' in size <14.4> not available
(Font)              Font shape `T1/lmss/bx/sl' tried instead on input line 333.

 [20

]
LaTeX Font Info:    Font shape `T1/lmss/bx/it' in size <10.95> not available
(Font)              Font shape `T1/lmss/bx/sl' tried instead on input line 341.

 [21

]
LaTeX Font Info:    Font shape `T1/lmss/b/n' in size <10.95> not available
(Font)              Font shape `T1/lmss/bx/n' tried instead on input line 365.
LaTeX Font Info:    Font shape `T1/lmss/b/n' in size <8> not available
(Font)              Font shape `T1/lmss/bx/n' tried instead on input line 365.
LaTeX Font Info:    Font shape `T1/lmss/b/n' in size <6> not available
(Font)              Font shape `T1/lmss/bx/n' tried instead on input line 365.
 [22

] [23

] [24

]
Overfull \hbox (2.7723pt too wide) detected at line 461
\T1/lmss/m/sl/10.95 J\OT1/lmss/m/n/10.95 (\T1/lmss/bx/n/10.95 c\OT1/lmss/m/n/10
.95 ) = \U/msb/m/n/10.95 E\OMS/lmsy/m/n/10.95 fj\T1/lmss/m/sl/10.95 s\OT1/lmss/
m/n/10.95 [\T1/lmss/m/sl/10.95 k\OT1/lmss/m/n/10.95 ]\OMS/lmsy/m/n/10.95 j[]g ^
^@ \OT1/lmss/m/n/10.95 (\T1/lmss/bx/n/10.95 c[]\U/msb/m/n/10.95 E\OMS/lmsy/m/n/
10.95 f\T1/lmss/bx/n/10.95 y\OT1/lmss/m/n/10.95 [\T1/lmss/m/sl/10.95 k\OT1/lmss
/m/n/10.95 ]\T1/lmss/m/sl/10.95 s[]\OT1/lmss/m/n/10.95 [\T1/lmss/m/sl/10.95 k\O
T1/lmss/m/n/10.95 ]\OMS/lmsy/m/n/10.95 g\OT1/lmss/m/n/10.95 )[] \OMS/lmsy/m/n/1
0.95 ^^@ \T1/lmss/bx/n/10.95 c[]\U/msb/m/n/10.95 E\OMS/lmsy/m/n/10.95 f\T1/lmss
/bx/n/10.95 y\OT1/lmss/m/n/10.95 [\T1/lmss/m/sl/10.95 k\OT1/lmss/m/n/10.95 ]\T1
/lmss/m/sl/10.95 s[]\OT1/lmss/m/n/10.95 [\T1/lmss/m/sl/10.95 k\OT1/lmss/m/n/10.
95 ]\OMS/lmsy/m/n/10.95 g \OT1/lmss/m/n/10.95 + \T1/lmss/bx/n/10.95 c[]\U/msb/m
/n/10.95 E\OMS/lmsy/m/n/10.95 f\T1/lmss/bx/n/10.95 y\OT1/lmss/m/n/10.95 [\T1/lm
ss/m/sl/10.95 k\OT1/lmss/m/n/10.95 ]\T1/lmss/bx/n/10.95 y[]\OT1/lmss/m/n/10.95 
[\T1/lmss/m/sl/10.95 k\OT1/lmss/m/n/10.95 ]\OMS/lmsy/m/n/10.95 g\T1/lmss/bx/n/1
0.95 c\OML/lmm/m/it/10.95 :
 []

[25

]
Overfull \vbox (4.31233pt too high) detected at line 510
 []

[26

] [27

] [28

]
<figuras/nb4_out_12.png, id=307, 401.8212pt x 156.8259pt>
File: figuras/nb4_out_12.png Graphic file (type png)
<use figuras/nb4_out_12.png>
Package pdftex.def Info: figuras/nb4_out_12.png  used on input line 562.
(pdftex.def)             Requested size: 342.43866pt x 133.64961pt.
 [29

 <./figuras/nb4_out_12.png>]
<figuras/nb4_out_13.png, id=317, 408.3255pt x 156.8259pt>
File: figuras/nb4_out_13.png Graphic file (type png)
<use figuras/nb4_out_13.png>
Package pdftex.def Info: figuras/nb4_out_13.png  used on input line 566.
(pdftex.def)             Requested size: 342.44278pt x 131.52226pt.
 [30

 <./figuras/nb4_out_13.png>]
<figuras/nb4_out_14.png, id=326, 393.8715pt x 172.7253pt>
File: figuras/nb4_out_14.png Graphic file (type png)
<use figuras/nb4_out_14.png>
Package pdftex.def Info: figuras/nb4_out_14.png  used on input line 570.
(pdftex.def)             Requested size: 342.45508pt x 150.17754pt.

[31

 <./figuras/nb4_out_14.png>]
<figuras/nb4_out_15.png, id=336, 393.8715pt x 172.7253pt>
File: figuras/nb4_out_15.png Graphic file (type png)
<use figuras/nb4_out_15.png>
Package pdftex.def Info: figuras/nb4_out_15.png  used on input line 574.
(pdftex.def)             Requested size: 342.45508pt x 150.17754pt.
 [32

 <./figuras/nb4_out_15.png>]
<figuras/nb4_out_16.png, id=345, 393.8715pt x 173.448pt>
File: figuras/nb4_out_16.png Graphic file (type png)
<use figuras/nb4_out_16.png>
Package pdftex.def Info: figuras/nb4_out_16.png  used on input line 578.
(pdftex.def)             Requested size: 342.45508pt x 150.80591pt.
 [33

 <./figuras/nb4_out_16.png>]
<figuras/nb4_out_17.png, id=354, 393.8715pt x 173.448pt>
File: figuras/nb4_out_17.png Graphic file (type png)
<use figuras/nb4_out_17.png>
Package pdftex.def Info: figuras/nb4_out_17.png  used on input line 582.
(pdftex.def)             Requested size: 342.45508pt x 150.80591pt.
 [34

 <./figuras/nb4_out_17.png>]
<figuras/nb4_out_18.png, id=363, 161.1621pt x 156.8259pt>
File: figuras/nb4_out_18.png Graphic file (type png)
<use figuras/nb4_out_18.png>
Package pdftex.def Info: figuras/nb4_out_18.png  used on input line 586.
(pdftex.def)             Requested size: 161.16661pt x 156.83028pt.
 [35

 <./figuras/nb4_out_18.png>]
<figuras/nb4_out_19.png, id=372, 161.1621pt x 156.8259pt>
File: figuras/nb4_out_19.png Graphic file (type png)
<use figuras/nb4_out_19.png>
Package pdftex.def Info: figuras/nb4_out_19.png  used on input line 590.
(pdftex.def)             Requested size: 161.16661pt x 156.83028pt.
 [36

 <./figuras/nb4_out_19.png>]
<figuras/nb4_out_20.png, id=380, 161.1621pt x 156.8259pt>
File: figuras/nb4_out_20.png Graphic file (type png)
<use figuras/nb4_out_20.png>
Package pdftex.def Info: figuras/nb4_out_20.png  used on input line 594.
(pdftex.def)             Requested size: 161.16661pt x 156.83028pt.
 [37

 <./figuras/nb4_out_20.png>]
\tf@nav=\write5
\openout5 = `"5 - Equalização de canais de comunicação.nav"'.

\tf@toc=\write6
\openout6 = `"5 - Equalização de canais de comunicação.toc"'.

\tf@snm=\write7
\openout7 = `"5 - Equalização de canais de comunicação.snm"'.


(5 - Equalização de canais de comunicação.aux)
 ***********
LaTeX2e <2023-06-01> patch level 1
L3 programming layer <2023-08-29>
 ***********


LaTeX Warning: Label(s) may have changed. Rerun to get cross-references right.

 ) 
Here is how much of TeX's memory you used:
 24932 strings out of 475248
 492448 string characters out of 5750261
 1931801 words of memory out of 5000000
 45732 multiletter control sequences out of 15000+600000
 630339 words of font info for 127 fonts, out of 8000000 for 9000
 1141 hyphenation exceptions out of 8191
 128i,15n,123p,1045b,520s stack positions out of 10000i,1000n,20000p,200000b,200000s
<C:/Users/edson.DESKTOP-54IJM4F/AppData/Local/Programs/MiKTeX/fonts/type1/pub
lic/lm/lmex10.pfb><C:/Users/edson.DESKTOP-54IJM4F/AppData/Local/Programs/MiKTeX
/fonts/type1/public/lm/lmmi10.pfb><C:/Users/edson.DESKTOP-54IJM4F/AppData/Local
/Programs/MiKTeX/fonts/type1/public/lm/lmmi8.pfb><C:/Users/edson.DESKTOP-54IJM4
F/AppData/Local/Programs/MiKTeX/fonts/type1/public/lm/lmr10.pfb><C:/Users/edson
.DESKTOP-54IJM4F/AppData/Local/Programs/MiKTeX/fonts/type1/public/lm/lmss10.pfb
><C:/Users/edson.DESKTOP-54IJM4F/AppData/Local/Programs/MiKTeX/fonts/type1/publ
ic/lm/lmss12.pfb><C:/Users/edson.DESKTOP-54IJM4F/AppData/Local/Programs/MiKTeX/
fonts/type1/public/lm/lmss8.pfb><C:/Users/edson.DESKTOP-54IJM4F/AppData/Local/P
rograms/MiKTeX/fonts/type1/public/lm/lmssbo10.pfb><C:/Users/edson.DESKTOP-54IJM
4F/AppData/Local/Programs/MiKTeX/fonts/type1/public/lm/lmssbx10.pfb><C:/Users/e
dson.DESKTOP-54IJM4F/AppData/Local/Programs/MiKTeX/fonts/type1/public/lm/lmsso1
0.pfb><C:/Users/edson.DESKTOP-54IJM4F/AppData/Local/Programs/MiKTeX/fonts/type1
/public/lm/lmsso12.pfb><C:/Users/edson.DESKTOP-54IJM4F/AppData/Local/Programs/M
iKTeX/fonts/type1/public/lm/lmsso8.pfb><C:/Users/edson.DESKTOP-54IJM4F/AppData/
Local/Programs/MiKTeX/fonts/type1/public/lm/lmsy10.pfb><C:/Users/edson.DESKTOP-
54IJM4F/AppData/Local/Programs/MiKTeX/fonts/type1/public/lm/lmsy8.pfb><C:/Users
/edson.DESKTOP-54IJM4F/AppData/Local/Programs/MiKTeX/fonts/type1/public/amsfont
s/symbols/msam10.pfb><C:/Users/edson.DESKTOP-54IJM4F/AppData/Local/Programs/MiK
TeX/fonts/type1/public/amsfonts/symbols/msbm10.pfb>
Output written on "5 - Equalização de canais de comunicação.pdf" (37 pages,
 2034698 bytes).
PDF statistics:
 493 PDF objects out of 1000 (max. 8388607)
 85 named destinations out of 1000 (max. 500000)
 45332 words of extra memory for PDF output out of 51595 (max. 10000000)

